[td3 ln=1 d=3 s=0] step=0 ret=-132.7 Q=-0.0 G=-75.6 bias=75.6 (0s)
[td3 ln=1 d=3 s=0] step=10000 ret=-130.9 Q=0.0 G=-75.7 bias=75.7 (1s)
[td3 ln=1 d=3 s=0] step=20000 ret=-137.6 Q=4.5 G=-60.8 bias=65.2 (83s)
[td3 ln=1 d=3 s=0] step=30000 ret=46.9 Q=9.9 G=10.0 bias=-0.0 (167s)
[td3 ln=1 d=3 s=0] step=40000 ret=-9.6 Q=13.8 G=-11.8 bias=25.6 (242s)
[td3 ln=1 d=3 s=0] step=50000 ret=-40.3 Q=14.4 G=-13.1 bias=27.5 (314s)
[td3 ln=1 d=3 s=0] step=60000 ret=3.3 Q=15.7 G=-2.5 bias=18.2 (400s)
[td3 ln=1 d=3 s=0] step=70000 ret=49.9 Q=25.2 G=4.2 bias=21.0 (485s)
[td3 ln=1 d=3 s=0] step=80000 ret=84.4 Q=31.6 G=17.0 bias=14.6 (568s)
[td3 ln=1 d=3 s=0] step=90000 ret=26.8 Q=32.1 G=4.6 bias=27.6 (660s)
[td3 ln=1 d=3 s=0] step=100000 ret=72.3 Q=29.3 G=16.5 bias=12.8 (748s)
[td3 ln=1 d=3 s=0] step=110000 ret=53.1 Q=15.4 G=6.3 bias=9.1 (841s)
[td3 ln=1 d=3 s=0] step=120000 ret=127.3 Q=25.6 G=18.2 bias=7.4 (923s)
[td3 ln=1 d=3 s=0] step=130000 ret=145.3 Q=29.6 G=31.2 bias=-1.6 (1009s)
[td3 ln=1 d=3 s=0] step=140000 ret=-23.1 Q=8.3 G=-8.4 bias=16.7 (1094s)
[td3 ln=1 d=3 s=0] step=150000 ret=170.9 Q=36.5 G=50.8 bias=-14.3 (1178s)
[td3 ln=1 d=3 s=0] step=160000 ret=181.8 Q=46.2 G=64.0 bias=-17.8 (1264s)
[td3 ln=1 d=3 s=0] step=170000 ret=164.6 Q=48.1 G=43.3 bias=4.7 (1350s)
[td3 ln=1 d=3 s=0] step=180000 ret=244.0 Q=42.2 G=58.1 bias=-15.9 (1441s)
[td3 ln=1 d=3 s=0] step=190000 ret=234.9 Q=51.4 G=71.2 bias=-19.8 (1531s)
[td3 ln=1 d=3 s=0] step=200000 ret=205.9 Q=61.9 G=75.6 bias=-13.6 (1621s)
[td3 ln=1 d=3 s=0] step=210000 ret=242.9 Q=65.9 G=88.6 bias=-22.7 (1719s)
[td3 ln=1 d=3 s=0] step=220000 ret=269.1 Q=73.0 G=99.8 bias=-26.8 (1814s)
[td3 ln=1 d=3 s=0] step=230000 ret=228.5 Q=63.3 G=83.0 bias=-19.7 (1910s)
[td3 ln=1 d=3 s=0] step=240000 ret=182.7 Q=51.4 G=34.4 bias=17.0 (1994s)
[td3 ln=1 d=3 s=0] step=250000 ret=217.8 Q=73.7 G=82.8 bias=-9.1 (2084s)
[td3 ln=1 d=3 s=0] step=260000 ret=254.0 Q=55.5 G=65.0 bias=-9.5 (2176s)
[td3 ln=1 d=3 s=0] step=270000 ret=223.1 Q=51.7 G=52.7 bias=-1.1 (2274s)
[td3 ln=1 d=3 s=0] step=280000 ret=269.7 Q=69.8 G=89.4 bias=-19.6 (2388s)
[td3 ln=1 d=3 s=0] step=290000 ret=208.2 Q=66.7 G=52.7 bias=14.0 (2551s)
