[td3 ln=0 d=3 s=5] step=0 ret=-312.6 Q=0.1 G=-120.0 bias=120.0 (0s)
[td3 ln=0 d=3 s=5] step=10000 ret=-234.9 Q=0.1 G=-92.8 bias=92.9 (2s)
[td3 ln=0 d=3 s=5] step=20000 ret=-112.2 Q=5.4 G=-12.9 bias=18.3 (50s)
[td3 ln=0 d=3 s=5] step=30000 ret=39.7 Q=23.0 G=-0.7 bias=23.7 (94s)
[td3 ln=0 d=3 s=5] step=40000 ret=-42.3 Q=18.6 G=-25.2 bias=43.8 (138s)
[td3 ln=0 d=3 s=5] step=50000 ret=201.7 Q=30.2 G=42.7 bias=-12.5 (185s)
[td3 ln=0 d=3 s=5] step=60000 ret=-89.3 Q=11.6 G=-25.2 bias=36.8 (229s)
[td3 ln=0 d=3 s=5] step=70000 ret=-118.2 Q=-7.4 G=-41.8 bias=34.3 (275s)
[td3 ln=0 d=3 s=5] step=80000 ret=-89.1 Q=7.7 G=-45.0 bias=52.7 (321s)
[td3 ln=0 d=3 s=5] step=90000 ret=242.7 Q=44.8 G=73.5 bias=-28.7 (367s)
[td3 ln=0 d=3 s=5] step=100000 ret=236.7 Q=53.3 G=92.3 bias=-39.0 (415s)
[td3 ln=0 d=3 s=5] step=110000 ret=251.5 Q=44.8 G=67.3 bias=-22.5 (460s)
[td3 ln=0 d=3 s=5] step=120000 ret=186.7 Q=58.2 G=65.6 bias=-7.4 (505s)
[td3 ln=0 d=3 s=5] step=130000 ret=241.3 Q=48.2 G=65.6 bias=-17.3 (547s)
[td3 ln=0 d=3 s=5] step=140000 ret=114.2 Q=21.6 G=15.2 bias=6.4 (590s)
[td3 ln=0 d=3 s=5] step=150000 ret=234.5 Q=45.8 G=53.8 bias=-8.0 (631s)
[td3 ln=0 d=3 s=5] step=160000 ret=179.7 Q=64.8 G=66.2 bias=-1.4 (671s)
[td3 ln=0 d=3 s=5] step=170000 ret=225.9 Q=66.8 G=63.3 bias=3.5 (711s)
[td3 ln=0 d=3 s=5] step=180000 ret=279.5 Q=69.5 G=101.5 bias=-32.0 (749s)
[td3 ln=0 d=3 s=5] step=190000 ret=203.7 Q=62.8 G=68.9 bias=-6.1 (789s)
[td3 ln=0 d=3 s=5] step=200000 ret=270.5 Q=75.4 G=108.2 bias=-32.8 (834s)
[td3 ln=0 d=3 s=5] step=210000 ret=233.7 Q=69.9 G=80.7 bias=-10.8 (871s)
[td3 ln=0 d=3 s=5] step=220000 ret=268.6 Q=63.8 G=81.2 bias=-17.3 (921s)
[td3 ln=0 d=3 s=5] step=230000 ret=270.5 Q=74.8 G=90.6 bias=-15.8 (960s)
[td3 ln=0 d=3 s=5] step=240000 ret=288.7 Q=81.5 G=105.0 bias=-23.6 (1008s)
[td3 ln=0 d=3 s=5] step=250000 ret=275.2 Q=84.5 G=110.6 bias=-26.1 (1038s)
[td3 ln=0 d=3 s=5] step=260000 ret=258.3 Q=78.5 G=99.5 bias=-21.0 (1078s)
[td3 ln=0 d=3 s=5] step=270000 ret=204.0 Q=76.5 G=85.4 bias=-9.0 (1119s)
[td3 ln=0 d=3 s=5] step=280000 ret=249.9 Q=67.7 G=87.9 bias=-20.1 (1149s)
[td3 ln=0 d=3 s=5] step=290000 ret=245.8 Q=67.8 G=81.3 bias=-13.5 (1187s)
