[td3 ln=0 d=2 s=5] step=0 ret=-145.6 Q=0.0 G=-73.4 bias=73.4 (0s)
[td3 ln=0 d=2 s=5] step=10000 ret=-116.0 Q=0.0 G=-68.0 bias=68.1 (1s)
[td3 ln=0 d=2 s=5] step=20000 ret=-160.6 Q=3.9 G=-31.7 bias=35.6 (34s)
[td3 ln=0 d=2 s=5] step=30000 ret=-58.3 Q=0.3 G=-16.8 bias=17.1 (64s)
[td3 ln=0 d=2 s=5] step=40000 ret=-0.5 Q=-4.1 G=-8.4 bias=4.3 (96s)
[td3 ln=0 d=2 s=5] step=50000 ret=-37.6 Q=-7.0 G=-12.0 bias=5.0 (129s)
[td3 ln=0 d=2 s=5] step=60000 ret=31.6 Q=2.7 G=1.6 bias=1.1 (163s)
[td3 ln=0 d=2 s=5] step=70000 ret=171.9 Q=2.6 G=22.7 bias=-20.1 (195s)
[td3 ln=0 d=2 s=5] step=80000 ret=116.2 Q=1.0 G=13.7 bias=-12.7 (229s)
[td3 ln=0 d=2 s=5] step=90000 ret=58.3 Q=0.8 G=2.0 bias=-1.2 (261s)
[td3 ln=0 d=2 s=5] step=100000 ret=61.0 Q=-0.6 G=0.7 bias=-1.3 (298s)
[td3 ln=0 d=2 s=5] step=110000 ret=177.9 Q=6.8 G=32.1 bias=-25.3 (334s)
[td3 ln=0 d=2 s=5] step=120000 ret=156.3 Q=4.4 G=22.3 bias=-17.9 (372s)
[td3 ln=0 d=2 s=5] step=130000 ret=168.4 Q=9.9 G=23.2 bias=-13.3 (415s)
[td3 ln=0 d=2 s=5] step=140000 ret=221.7 Q=19.6 G=38.4 bias=-18.8 (465s)
[td3 ln=0 d=2 s=5] step=150000 ret=216.4 Q=24.7 G=50.6 bias=-25.9 (515s)
[td3 ln=0 d=2 s=5] step=160000 ret=230.1 Q=25.6 G=46.3 bias=-20.7 (565s)
[td3 ln=0 d=2 s=5] step=170000 ret=178.7 Q=23.1 G=28.4 bias=-5.3 (615s)
[td3 ln=0 d=2 s=5] step=180000 ret=220.3 Q=22.7 G=35.9 bias=-13.2 (662s)
[td3 ln=0 d=2 s=5] step=190000 ret=259.3 Q=32.7 G=63.5 bias=-30.8 (712s)
[td3 ln=0 d=2 s=5] step=200000 ret=248.1 Q=34.2 G=70.5 bias=-36.3 (758s)
[td3 ln=0 d=2 s=5] step=210000 ret=256.1 Q=37.3 G=62.7 bias=-25.4 (807s)
[td3 ln=0 d=2 s=5] step=220000 ret=256.8 Q=45.5 G=81.2 bias=-35.7 (860s)
[td3 ln=0 d=2 s=5] step=230000 ret=262.4 Q=37.7 G=73.2 bias=-35.4 (914s)
[td3 ln=0 d=2 s=5] step=240000 ret=254.4 Q=42.7 G=66.6 bias=-24.0 (966s)
[td3 ln=0 d=2 s=5] step=250000 ret=227.9 Q=44.4 G=65.0 bias=-20.6 (1021s)
[td3 ln=0 d=2 s=5] step=260000 ret=271.8 Q=47.9 G=72.7 bias=-24.8 (1068s)
[td3 ln=0 d=2 s=5] step=270000 ret=254.8 Q=47.8 G=73.8 bias=-26.0 (1110s)
[td3 ln=0 d=2 s=5] step=280000 ret=240.5 Q=52.1 G=76.9 bias=-24.9 (1159s)
[td3 ln=0 d=2 s=5] step=290000 ret=208.0 Q=35.1 G=33.9 bias=1.2 (1209s)
