[td3 ln=0 d=2 s=0] step=0 ret=-318.4 Q=0.0 G=-130.9 bias=130.9 (0s)
[td3 ln=0 d=2 s=0] step=10000 ret=-325.0 Q=0.0 G=-128.7 bias=128.7 (2s)
[td3 ln=0 d=2 s=0] step=20000 ret=-129.6 Q=-4.2 G=-41.6 bias=37.4 (37s)
[td3 ln=0 d=2 s=0] step=30000 ret=-60.5 Q=-20.9 G=-25.1 bias=4.2 (76s)
[td3 ln=0 d=2 s=0] step=40000 ret=12.7 Q=-30.6 G=-4.7 bias=-26.0 (110s)
[td3 ln=0 d=2 s=0] step=50000 ret=-2.3 Q=-32.7 G=-8.7 bias=-24.0 (145s)
[td3 ln=0 d=2 s=0] step=60000 ret=29.8 Q=-17.1 G=2.2 bias=-19.3 (177s)
[td3 ln=0 d=2 s=0] step=70000 ret=59.6 Q=-17.4 G=7.1 bias=-24.5 (213s)
[td3 ln=0 d=2 s=0] step=80000 ret=134.0 Q=4.8 G=22.9 bias=-18.1 (249s)
[td3 ln=0 d=2 s=0] step=90000 ret=146.3 Q=7.1 G=17.0 bias=-9.8 (282s)
[td3 ln=0 d=2 s=0] step=100000 ret=-160.2 Q=-2.8 G=-22.0 bias=19.2 (319s)
[td3 ln=0 d=2 s=0] step=110000 ret=79.7 Q=16.0 G=10.1 bias=5.9 (368s)
[td3 ln=0 d=2 s=0] step=120000 ret=227.7 Q=21.7 G=36.6 bias=-14.9 (420s)
[td3 ln=0 d=2 s=0] step=130000 ret=107.0 Q=22.9 G=19.6 bias=3.3 (470s)
[td3 ln=0 d=2 s=0] step=140000 ret=121.8 Q=26.8 G=33.2 bias=-6.4 (520s)
[td3 ln=0 d=2 s=0] step=150000 ret=134.3 Q=20.2 G=18.3 bias=1.9 (572s)
[td3 ln=0 d=2 s=0] step=160000 ret=111.9 Q=23.6 G=12.3 bias=11.3 (623s)
[td3 ln=0 d=2 s=0] step=170000 ret=200.9 Q=25.8 G=46.0 bias=-20.2 (678s)
[td3 ln=0 d=2 s=0] step=180000 ret=229.7 Q=25.2 G=53.7 bias=-28.6 (732s)
[td3 ln=0 d=2 s=0] step=190000 ret=269.9 Q=36.9 G=73.9 bias=-37.0 (786s)
[td3 ln=0 d=2 s=0] step=200000 ret=220.4 Q=29.5 G=55.9 bias=-26.4 (838s)
[td3 ln=0 d=2 s=0] step=210000 ret=255.0 Q=37.7 G=75.8 bias=-38.1 (888s)
[td3 ln=0 d=2 s=0] step=220000 ret=222.1 Q=36.4 G=53.9 bias=-17.5 (940s)
[td3 ln=0 d=2 s=0] step=230000 ret=231.1 Q=39.5 G=47.1 bias=-7.6 (992s)
[td3 ln=0 d=2 s=0] step=240000 ret=245.5 Q=46.2 G=58.4 bias=-12.1 (1038s)
[td3 ln=0 d=2 s=0] step=250000 ret=255.0 Q=47.1 G=62.4 bias=-15.4 (1086s)
[td3 ln=0 d=2 s=0] step=260000 ret=254.7 Q=51.7 G=62.3 bias=-10.6 (1137s)
[td3 ln=0 d=2 s=0] step=270000 ret=231.1 Q=50.4 G=65.8 bias=-15.3 (1181s)
[td3 ln=0 d=2 s=0] step=280000 ret=263.8 Q=52.2 G=73.8 bias=-21.6 (1231s)
[td3 ln=0 d=2 s=0] step=290000 ret=256.3 Q=51.1 G=61.9 bias=-10.7 (1286s)
