[td3 ln=0 d=2 s=1] step=0 ret=-161.9 Q=-0.0 G=-90.2 bias=90.2 (0s)
[td3 ln=0 d=2 s=1] step=10000 ret=-133.4 Q=-0.0 G=-73.1 bias=73.1 (2s)
[td3 ln=0 d=2 s=1] step=20000 ret=-63.5 Q=8.4 G=-7.9 bias=16.3 (30s)
[td3 ln=0 d=2 s=1] step=30000 ret=42.8 Q=-14.6 G=1.3 bias=-16.0 (59s)
[td3 ln=0 d=2 s=1] step=40000 ret=-71.9 Q=-11.7 G=-19.0 bias=7.3 (85s)
[td3 ln=0 d=2 s=1] step=50000 ret=-78.2 Q=-22.9 G=-18.3 bias=-4.6 (117s)
[td3 ln=0 d=2 s=1] step=60000 ret=103.1 Q=-26.6 G=13.3 bias=-39.8 (144s)
[td3 ln=0 d=2 s=1] step=70000 ret=72.9 Q=-1.8 G=9.6 bias=-11.4 (175s)
[td3 ln=0 d=2 s=1] step=80000 ret=53.7 Q=-8.5 G=2.0 bias=-10.5 (208s)
[td3 ln=0 d=2 s=1] step=90000 ret=58.7 Q=-5.4 G=6.2 bias=-11.6 (239s)
[td3 ln=0 d=2 s=1] step=100000 ret=43.5 Q=-2.5 G=-1.5 bias=-1.0 (268s)
[td3 ln=0 d=2 s=1] step=110000 ret=12.8 Q=-9.6 G=-2.0 bias=-7.6 (299s)
[td3 ln=0 d=2 s=1] step=120000 ret=92.5 Q=-10.9 G=6.7 bias=-17.6 (333s)
[td3 ln=0 d=2 s=1] step=130000 ret=83.4 Q=-9.9 G=8.6 bias=-18.5 (369s)
[td3 ln=0 d=2 s=1] step=140000 ret=128.8 Q=0.7 G=16.5 bias=-15.8 (402s)
[td3 ln=0 d=2 s=1] step=150000 ret=37.2 Q=5.7 G=2.7 bias=3.0 (432s)
[td3 ln=0 d=2 s=1] step=160000 ret=56.1 Q=16.4 G=4.6 bias=11.8 (470s)
[td3 ln=0 d=2 s=1] step=170000 ret=112.0 Q=4.0 G=13.2 bias=-9.2 (507s)
[td3 ln=0 d=2 s=1] step=180000 ret=90.0 Q=0.9 G=9.9 bias=-9.0 (546s)
[td3 ln=0 d=2 s=1] step=190000 ret=44.5 Q=8.1 G=3.1 bias=5.0 (581s)
[td3 ln=0 d=2 s=1] step=200000 ret=13.2 Q=2.9 G=-1.7 bias=4.6 (612s)
[td3 ln=0 d=2 s=1] step=210000 ret=54.6 Q=1.9 G=3.8 bias=-1.9 (644s)
[td3 ln=0 d=2 s=1] step=220000 ret=56.9 Q=4.6 G=4.7 bias=-0.1 (678s)
[td3 ln=0 d=2 s=1] step=230000 ret=68.5 Q=4.1 G=7.1 bias=-3.0 (712s)
[td3 ln=0 d=2 s=1] step=240000 ret=46.6 Q=1.5 G=2.0 bias=-0.5 (745s)
[td3 ln=0 d=2 s=1] step=250000 ret=96.6 Q=1.9 G=10.6 bias=-8.7 (776s)
[td3 ln=0 d=2 s=1] step=260000 ret=68.3 Q=-0.0 G=7.3 bias=-7.3 (807s)
[td3 ln=0 d=2 s=1] step=270000 ret=108.5 Q=2.4 G=11.4 bias=-9.0 (842s)
[td3 ln=0 d=2 s=1] step=280000 ret=54.6 Q=-2.1 G=4.4 bias=-6.5 (874s)
[td3 ln=0 d=2 s=1] step=290000 ret=46.0 Q=-6.0 G=3.5 bias=-9.5 (906s)
