[td3 ln=1 d=2 s=5] step=0 ret=-145.6 Q=0.3 G=-73.4 bias=73.7 (0s)
[td3 ln=1 d=2 s=5] step=10000 ret=-116.0 Q=0.3 G=-68.0 bias=68.3 (2s)
[td3 ln=1 d=2 s=5] step=20000 ret=-104.3 Q=9.4 G=-20.0 bias=29.3 (46s)
[td3 ln=1 d=2 s=5] step=30000 ret=-155.5 Q=15.8 G=-27.4 bias=43.2 (90s)
[td3 ln=1 d=2 s=5] step=40000 ret=-188.1 Q=14.2 G=-36.8 bias=51.0 (135s)
[td3 ln=1 d=2 s=5] step=50000 ret=-30.9 Q=-12.1 G=-12.4 bias=0.2 (180s)
[td3 ln=1 d=2 s=5] step=60000 ret=16.3 Q=2.2 G=-3.9 bias=6.1 (224s)
[td3 ln=1 d=2 s=5] step=70000 ret=-33.9 Q=7.4 G=-9.2 bias=16.5 (269s)
[td3 ln=1 d=2 s=5] step=80000 ret=-54.7 Q=6.8 G=-13.7 bias=20.5 (319s)
[td3 ln=1 d=2 s=5] step=90000 ret=-24.9 Q=2.4 G=-11.1 bias=13.4 (368s)
[td3 ln=1 d=2 s=5] step=100000 ret=-42.8 Q=-2.5 G=-6.0 bias=3.5 (422s)
[td3 ln=1 d=2 s=5] step=110000 ret=-76.7 Q=-2.0 G=-11.3 bias=9.3 (475s)
[td3 ln=1 d=2 s=5] step=120000 ret=-62.8 Q=1.7 G=-23.8 bias=25.4 (526s)
[td3 ln=1 d=2 s=5] step=130000 ret=124.4 Q=7.2 G=24.0 bias=-16.8 (580s)
[td3 ln=1 d=2 s=5] step=140000 ret=153.1 Q=11.5 G=23.5 bias=-12.0 (635s)
[td3 ln=1 d=2 s=5] step=150000 ret=94.8 Q=12.4 G=9.7 bias=2.8 (690s)
[td3 ln=1 d=2 s=5] step=160000 ret=128.2 Q=-4.5 G=14.5 bias=-19.1 (742s)
[td3 ln=1 d=2 s=5] step=170000 ret=147.1 Q=4.7 G=24.2 bias=-19.5 (793s)
[td3 ln=1 d=2 s=5] step=180000 ret=185.9 Q=11.2 G=35.7 bias=-24.5 (846s)
[td3 ln=1 d=2 s=5] step=190000 ret=176.5 Q=3.5 G=30.6 bias=-27.1 (899s)
[td3 ln=1 d=2 s=5] step=200000 ret=208.7 Q=9.8 G=31.3 bias=-21.5 (953s)
[td3 ln=1 d=2 s=5] step=210000 ret=173.7 Q=13.5 G=23.0 bias=-9.5 (996s)
[td3 ln=1 d=2 s=5] step=220000 ret=211.7 Q=27.0 G=46.4 bias=-19.4 (1037s)
[td3 ln=1 d=2 s=5] step=230000 ret=158.6 Q=23.5 G=24.9 bias=-1.4 (1080s)
[td3 ln=1 d=2 s=5] step=240000 ret=255.9 Q=38.1 G=66.2 bias=-28.2 (1124s)
[td3 ln=1 d=2 s=5] step=250000 ret=178.3 Q=44.0 G=59.6 bias=-15.6 (1165s)
[td3 ln=1 d=2 s=5] step=260000 ret=171.0 Q=34.0 G=50.2 bias=-16.1 (1201s)
[td3 ln=1 d=2 s=5] step=270000 ret=189.7 Q=37.7 G=56.0 bias=-18.4 (1238s)
[td3 ln=1 d=2 s=5] step=280000 ret=46.3 Q=4.8 G=4.9 bias=-0.1 (1276s)
[td3 ln=1 d=2 s=5] step=290000 ret=212.9 Q=36.0 G=49.4 bias=-13.4 (1312s)
