[td3 ln=1 d=2 s=1] step=0 ret=-161.9 Q=0.1 G=-90.2 bias=90.3 (0s)
[td3 ln=1 d=2 s=1] step=10000 ret=-133.4 Q=0.1 G=-73.1 bias=73.2 (2s)
[td3 ln=1 d=2 s=1] step=20000 ret=-298.3 Q=-8.8 G=-74.5 bias=65.7 (51s)
[td3 ln=1 d=2 s=1] step=30000 ret=-63.9 Q=-5.4 G=-27.8 bias=22.4 (102s)
[td3 ln=1 d=2 s=1] step=40000 ret=-41.0 Q=-34.5 G=-11.6 bias=-22.9 (153s)
[td3 ln=1 d=2 s=1] step=50000 ret=-64.3 Q=-22.6 G=-11.7 bias=-10.9 (204s)
[td3 ln=1 d=2 s=1] step=60000 ret=-81.0 Q=-25.7 G=-7.8 bias=-17.9 (253s)
[td3 ln=1 d=2 s=1] step=70000 ret=8.4 Q=-15.6 G=-1.5 bias=-14.1 (301s)
[td3 ln=1 d=2 s=1] step=80000 ret=-2.8 Q=-13.2 G=-1.6 bias=-11.6 (352s)
[td3 ln=1 d=2 s=1] step=90000 ret=130.9 Q=-15.1 G=16.9 bias=-32.1 (408s)
[td3 ln=1 d=2 s=1] step=100000 ret=149.5 Q=-6.6 G=17.2 bias=-23.8 (457s)
[td3 ln=1 d=2 s=1] step=110000 ret=-10.8 Q=4.6 G=-1.8 bias=6.4 (504s)
[td3 ln=1 d=2 s=1] step=120000 ret=99.6 Q=8.7 G=11.5 bias=-2.8 (556s)
[td3 ln=1 d=2 s=1] step=130000 ret=191.0 Q=22.7 G=33.7 bias=-11.0 (603s)
[td3 ln=1 d=2 s=1] step=140000 ret=166.4 Q=19.2 G=29.5 bias=-10.3 (651s)
[td3 ln=1 d=2 s=1] step=150000 ret=193.0 Q=31.5 G=47.1 bias=-15.6 (698s)
[td3 ln=1 d=2 s=1] step=160000 ret=196.0 Q=39.1 G=45.0 bias=-5.8 (744s)
[td3 ln=1 d=2 s=1] step=170000 ret=132.8 Q=23.5 G=27.3 bias=-3.8 (798s)
[td3 ln=1 d=2 s=1] step=180000 ret=220.9 Q=35.6 G=45.6 bias=-10.0 (856s)
[td3 ln=1 d=2 s=1] step=190000 ret=230.1 Q=55.9 G=66.7 bias=-10.8 (918s)
[td3 ln=1 d=2 s=1] step=200000 ret=200.9 Q=51.4 G=42.4 bias=8.9 (987s)
[td3 ln=1 d=2 s=1] step=210000 ret=246.9 Q=57.9 G=77.1 bias=-19.2 (1068s)
[td3 ln=1 d=2 s=1] step=220000 ret=221.3 Q=49.8 G=58.4 bias=-8.6 (1168s)
[td3 ln=1 d=2 s=1] step=230000 ret=232.9 Q=53.6 G=53.6 bias=0.0 (1300s)
[td3 ln=1 d=2 s=1] step=240000 ret=274.6 Q=61.8 G=76.5 bias=-14.6 (1431s)
[td3 ln=1 d=2 s=1] step=250000 ret=245.2 Q=60.0 G=63.9 bias=-3.8 (1526s)
[td3 ln=1 d=2 s=1] step=260000 ret=248.9 Q=55.2 G=68.3 bias=-13.1 (1594s)
[td3 ln=1 d=2 s=1] step=270000 ret=231.2 Q=61.8 G=50.1 bias=11.8 (1654s)
[td3 ln=1 d=2 s=1] step=280000 ret=237.8 Q=61.2 G=75.4 bias=-14.3 (1715s)
[td3 ln=1 d=2 s=1] step=290000 ret=229.3 Q=55.0 G=49.6 bias=5.3 (1768s)
