[td3 ln=1 d=2 s=2] step=0 ret=-134.2 Q=0.2 G=-73.3 bias=73.4 (0s)
[td3 ln=1 d=2 s=2] step=10000 ret=-169.1 Q=0.3 G=-99.6 bias=99.9 (3s)
[td3 ln=1 d=2 s=2] step=20000 ret=-181.8 Q=3.3 G=-58.1 bias=61.4 (87s)
[td3 ln=1 d=2 s=2] step=30000 ret=-90.5 Q=1.0 G=-17.5 bias=18.6 (148s)
[td3 ln=1 d=2 s=2] step=40000 ret=-151.2 Q=-9.4 G=-25.1 bias=15.7 (202s)
[td3 ln=1 d=2 s=2] step=50000 ret=-12.2 Q=14.5 G=-7.8 bias=22.2 (257s)
[td3 ln=1 d=2 s=2] step=60000 ret=-107.3 Q=7.1 G=-19.2 bias=26.3 (308s)
[td3 ln=1 d=2 s=2] step=70000 ret=-95.9 Q=3.9 G=-13.3 bias=17.2 (356s)
[td3 ln=1 d=2 s=2] step=80000 ret=-62.5 Q=9.1 G=-9.2 bias=18.3 (403s)
[td3 ln=1 d=2 s=2] step=90000 ret=-105.6 Q=10.1 G=-18.0 bias=28.2 (446s)
[td3 ln=1 d=2 s=2] step=100000 ret=-49.4 Q=12.9 G=-9.4 bias=22.4 (491s)
[td3 ln=1 d=2 s=2] step=110000 ret=3.9 Q=4.4 G=-3.1 bias=7.5 (536s)
[td3 ln=1 d=2 s=2] step=120000 ret=29.0 Q=9.7 G=4.3 bias=5.4 (581s)
[td3 ln=1 d=2 s=2] step=130000 ret=-29.5 Q=12.4 G=-5.5 bias=18.0 (628s)
[td3 ln=1 d=2 s=2] step=140000 ret=-62.5 Q=3.6 G=-8.7 bias=12.3 (685s)
[td3 ln=1 d=2 s=2] step=150000 ret=1.8 Q=0.7 G=-1.9 bias=2.6 (733s)
[td3 ln=1 d=2 s=2] step=160000 ret=-43.6 Q=-3.2 G=-10.2 bias=7.0 (782s)
[td3 ln=1 d=2 s=2] step=170000 ret=-9.8 Q=-1.7 G=-2.0 bias=0.2 (831s)
[td3 ln=1 d=2 s=2] step=180000 ret=-15.8 Q=0.8 G=-2.9 bias=3.6 (877s)
[td3 ln=1 d=2 s=2] step=190000 ret=19.2 Q=5.3 G=0.9 bias=4.3 (926s)
[td3 ln=1 d=2 s=2] step=200000 ret=62.9 Q=4.6 G=6.2 bias=-1.6 (978s)
[td3 ln=1 d=2 s=2] step=210000 ret=131.5 Q=13.5 G=14.0 bias=-0.5 (1029s)
[td3 ln=1 d=2 s=2] step=220000 ret=126.9 Q=13.5 G=21.6 bias=-8.1 (1077s)
[td3 ln=1 d=2 s=2] step=230000 ret=129.4 Q=13.0 G=12.1 bias=0.8 (1126s)
[td3 ln=1 d=2 s=2] step=240000 ret=222.6 Q=23.8 G=39.8 bias=-16.0 (1182s)
[td3 ln=1 d=2 s=2] step=250000 ret=133.4 Q=6.6 G=15.9 bias=-9.3 (1245s)
[td3 ln=1 d=2 s=2] step=260000 ret=152.1 Q=17.9 G=22.3 bias=-4.4 (1307s)
[td3 ln=1 d=2 s=2] step=270000 ret=164.1 Q=12.2 G=25.2 bias=-13.1 (1370s)
[td3 ln=1 d=2 s=2] step=280000 ret=140.4 Q=34.0 G=23.8 bias=10.2 (1430s)
[td3 ln=1 d=2 s=2] step=290000 ret=122.7 Q=26.9 G=21.2 bias=5.7 (1490s)
