[td3 ln=0 d=2 s=4] step=0 ret=-244.2 Q=-0.0 G=-98.2 bias=98.2 (0s)
[td3 ln=0 d=2 s=4] step=10000 ret=-217.2 Q=-0.0 G=-71.2 bias=71.2 (2s)
[td3 ln=0 d=2 s=4] step=20000 ret=-102.1 Q=10.8 G=-15.7 bias=26.5 (35s)
[td3 ln=0 d=2 s=4] step=30000 ret=-126.2 Q=3.8 G=-31.0 bias=34.8 (89s)
[td3 ln=0 d=2 s=4] step=40000 ret=-9.7 Q=-1.9 G=-4.0 bias=2.1 (146s)
[td3 ln=0 d=2 s=4] step=50000 ret=-4.0 Q=-3.6 G=-5.0 bias=1.4 (203s)
[td3 ln=0 d=2 s=4] step=60000 ret=-107.1 Q=-14.6 G=-24.9 bias=10.3 (266s)
[td3 ln=0 d=2 s=4] step=70000 ret=-25.7 Q=-13.5 G=-5.5 bias=-8.0 (327s)
[td3 ln=0 d=2 s=4] step=80000 ret=135.6 Q=3.4 G=12.3 bias=-8.9 (386s)
[td3 ln=0 d=2 s=4] step=90000 ret=125.3 Q=20.4 G=15.6 bias=4.8 (446s)
[td3 ln=0 d=2 s=4] step=100000 ret=251.0 Q=17.6 G=51.6 bias=-34.0 (503s)
[td3 ln=0 d=2 s=4] step=110000 ret=-6.8 Q=-3.1 G=-6.0 bias=2.9 (561s)
[td3 ln=0 d=2 s=4] step=120000 ret=235.7 Q=15.8 G=44.0 bias=-28.2 (621s)
[td3 ln=0 d=2 s=4] step=130000 ret=45.0 Q=9.1 G=2.9 bias=6.2 (684s)
[td3 ln=0 d=2 s=4] step=140000 ret=124.8 Q=1.3 G=17.7 bias=-16.4 (745s)
[td3 ln=0 d=2 s=4] step=150000 ret=168.3 Q=23.7 G=31.1 bias=-7.5 (803s)
[td3 ln=0 d=2 s=4] step=160000 ret=189.7 Q=29.1 G=35.1 bias=-6.0 (866s)
[td3 ln=0 d=2 s=4] step=170000 ret=229.4 Q=35.0 G=42.5 bias=-7.6 (922s)
[td3 ln=0 d=2 s=4] step=180000 ret=260.6 Q=52.2 G=68.1 bias=-15.9 (981s)
[td3 ln=0 d=2 s=4] step=190000 ret=276.0 Q=60.7 G=78.2 bias=-17.5 (1038s)
[td3 ln=0 d=2 s=4] step=200000 ret=256.9 Q=61.0 G=70.7 bias=-9.7 (1098s)
[td3 ln=0 d=2 s=4] step=210000 ret=256.5 Q=55.3 G=65.4 bias=-10.1 (1155s)
[td3 ln=0 d=2 s=4] step=220000 ret=259.2 Q=59.0 G=75.0 bias=-16.0 (1212s)
[td3 ln=0 d=2 s=4] step=230000 ret=271.1 Q=61.6 G=80.1 bias=-18.5 (1272s)
[td3 ln=0 d=2 s=4] step=240000 ret=285.8 Q=59.8 G=77.9 bias=-18.1 (1329s)
[td3 ln=0 d=2 s=4] step=250000 ret=260.9 Q=59.6 G=74.5 bias=-15.0 (1388s)
[td3 ln=0 d=2 s=4] step=260000 ret=263.0 Q=70.6 G=88.2 bias=-17.6 (1447s)
[td3 ln=0 d=2 s=4] step=270000 ret=276.5 Q=70.9 G=94.5 bias=-23.6 (1509s)
[td3 ln=0 d=2 s=4] step=280000 ret=262.6 Q=72.8 G=86.8 bias=-14.0 (1567s)
[td3 ln=0 d=2 s=4] step=290000 ret=277.8 Q=68.3 G=81.2 bias=-13.0 (1628s)
