[td3 ln=1 d=2 s=0] step=0 ret=-318.4 Q=-0.0 G=-130.9 bias=130.9 (0s)
[td3 ln=1 d=2 s=0] step=10000 ret=-325.0 Q=-0.0 G=-128.7 bias=128.7 (2s)
[td3 ln=1 d=2 s=0] step=20000 ret=-71.1 Q=10.3 G=-9.0 bias=19.4 (59s)
[td3 ln=1 d=2 s=0] step=30000 ret=-91.8 Q=6.2 G=-34.2 bias=40.5 (111s)
[td3 ln=1 d=2 s=0] step=40000 ret=-186.9 Q=-13.9 G=-59.4 bias=45.4 (159s)
[td3 ln=1 d=2 s=0] step=50000 ret=-82.1 Q=-23.6 G=-22.2 bias=-1.4 (206s)
[td3 ln=1 d=2 s=0] step=60000 ret=-38.8 Q=-28.6 G=-16.7 bias=-11.9 (252s)
[td3 ln=1 d=2 s=0] step=70000 ret=-69.1 Q=-29.6 G=-16.0 bias=-13.5 (297s)
[td3 ln=1 d=2 s=0] step=80000 ret=43.5 Q=12.6 G=2.4 bias=10.2 (355s)
[td3 ln=1 d=2 s=0] step=90000 ret=60.1 Q=-9.3 G=6.6 bias=-15.9 (418s)
[td3 ln=1 d=2 s=0] step=100000 ret=-102.8 Q=11.1 G=-14.9 bias=26.1 (479s)
[td3 ln=1 d=2 s=0] step=110000 ret=-41.5 Q=5.0 G=-5.2 bias=10.2 (539s)
[td3 ln=1 d=2 s=0] step=120000 ret=-39.4 Q=0.6 G=-6.7 bias=7.2 (602s)
[td3 ln=1 d=2 s=0] step=130000 ret=-2.9 Q=0.2 G=-3.3 bias=3.5 (670s)
[td3 ln=1 d=2 s=0] step=140000 ret=76.4 Q=-8.5 G=6.2 bias=-14.8 (732s)
[td3 ln=1 d=2 s=0] step=150000 ret=80.9 Q=-10.7 G=10.7 bias=-21.4 (795s)
[td3 ln=1 d=2 s=0] step=160000 ret=191.2 Q=0.2 G=28.7 bias=-28.5 (857s)
[td3 ln=1 d=2 s=0] step=170000 ret=199.1 Q=-2.0 G=25.7 bias=-27.6 (920s)
[td3 ln=1 d=2 s=0] step=180000 ret=170.2 Q=3.9 G=19.7 bias=-15.8 (983s)
[td3 ln=1 d=2 s=0] step=190000 ret=239.7 Q=7.3 G=49.8 bias=-42.4 (1048s)
[td3 ln=1 d=2 s=0] step=200000 ret=-108.6 Q=-3.4 G=-25.6 bias=22.2 (1111s)
[td3 ln=1 d=2 s=0] step=210000 ret=190.3 Q=2.3 G=29.5 bias=-27.2 (1175s)
[td3 ln=1 d=2 s=0] step=220000 ret=224.2 Q=33.1 G=58.5 bias=-25.4 (1238s)
[td3 ln=1 d=2 s=0] step=230000 ret=187.3 Q=13.1 G=31.4 bias=-18.3 (1303s)
[td3 ln=1 d=2 s=0] step=240000 ret=258.6 Q=36.9 G=75.8 bias=-38.9 (1367s)
[td3 ln=1 d=2 s=0] step=250000 ret=82.9 Q=14.4 G=11.1 bias=3.3 (1432s)
[td3 ln=1 d=2 s=0] step=260000 ret=226.0 Q=24.2 G=39.4 bias=-15.2 (1497s)
[td3 ln=1 d=2 s=0] step=270000 ret=198.7 Q=29.1 G=27.7 bias=1.4 (1561s)
[td3 ln=1 d=2 s=0] step=280000 ret=218.0 Q=60.6 G=79.4 bias=-18.9 (1623s)
[td3 ln=1 d=2 s=0] step=290000 ret=258.3 Q=60.2 G=69.8 bias=-9.6 (1686s)
