[td3 ln=0 d=3 s=4] step=0 ret=-284.9 Q=0.0 G=-108.1 bias=108.1 (0s)
[td3 ln=0 d=3 s=4] step=10000 ret=-306.0 Q=0.0 G=-146.9 bias=147.0 (2s)
[td3 ln=0 d=3 s=4] step=20000 ret=-34.4 Q=7.6 G=-6.5 bias=14.1 (52s)
[td3 ln=0 d=3 s=4] step=30000 ret=-94.1 Q=7.4 G=-10.8 bias=18.2 (103s)
[td3 ln=0 d=3 s=4] step=40000 ret=-155.3 Q=3.6 G=-24.7 bias=28.3 (154s)
[td3 ln=0 d=3 s=4] step=50000 ret=-155.3 Q=1.1 G=-23.5 bias=24.6 (203s)
[td3 ln=0 d=3 s=4] step=60000 ret=-104.6 Q=-4.6 G=-22.2 bias=17.6 (250s)
[td3 ln=0 d=3 s=4] step=70000 ret=-57.3 Q=11.4 G=-13.3 bias=24.7 (300s)
[td3 ln=0 d=3 s=4] step=80000 ret=40.1 Q=0.4 G=4.2 bias=-3.7 (349s)
[td3 ln=0 d=3 s=4] step=90000 ret=-81.0 Q=2.3 G=-16.3 bias=18.6 (395s)
[td3 ln=0 d=3 s=4] step=100000 ret=24.3 Q=1.0 G=0.7 bias=0.3 (443s)
[td3 ln=0 d=3 s=4] step=110000 ret=-8.1 Q=7.6 G=-2.9 bias=10.5 (491s)
[td3 ln=0 d=3 s=4] step=120000 ret=67.8 Q=19.4 G=12.7 bias=6.7 (540s)
[td3 ln=0 d=3 s=4] step=130000 ret=-28.1 Q=9.7 G=-12.1 bias=21.9 (586s)
[td3 ln=0 d=3 s=4] step=140000 ret=54.4 Q=9.3 G=7.0 bias=2.3 (635s)
[td3 ln=0 d=3 s=4] step=150000 ret=209.8 Q=34.5 G=54.5 bias=-20.0 (684s)
[td3 ln=0 d=3 s=4] step=160000 ret=62.6 Q=15.9 G=6.4 bias=9.5 (737s)
[td3 ln=0 d=3 s=4] step=170000 ret=16.4 Q=54.2 G=-8.3 bias=62.6 (785s)
[td3 ln=0 d=3 s=4] step=180000 ret=165.2 Q=25.1 G=33.6 bias=-8.5 (836s)
[td3 ln=0 d=3 s=4] step=190000 ret=132.9 Q=31.5 G=20.5 bias=11.0 (886s)
[td3 ln=0 d=3 s=4] step=200000 ret=152.9 Q=26.3 G=31.8 bias=-5.5 (940s)
[td3 ln=0 d=3 s=4] step=210000 ret=107.8 Q=49.7 G=20.0 bias=29.7 (990s)
[td3 ln=0 d=3 s=4] step=220000 ret=138.8 Q=36.5 G=38.3 bias=-1.8 (1039s)
[td3 ln=0 d=3 s=4] step=230000 ret=179.7 Q=30.5 G=27.4 bias=3.2 (1089s)
[td3 ln=0 d=3 s=4] step=240000 ret=99.3 Q=32.4 G=10.7 bias=21.7 (1144s)
[td3 ln=0 d=3 s=4] step=250000 ret=168.8 Q=39.2 G=31.6 bias=7.6 (1197s)
[td3 ln=0 d=3 s=4] step=260000 ret=165.0 Q=35.8 G=24.6 bias=11.3 (1251s)
[td3 ln=0 d=3 s=4] step=270000 ret=116.1 Q=23.1 G=19.1 bias=4.0 (1305s)
[td3 ln=0 d=3 s=4] step=280000 ret=160.9 Q=33.3 G=30.0 bias=3.3 (1366s)
[td3 ln=0 d=3 s=4] step=290000 ret=187.1 Q=32.9 G=43.2 bias=-10.3 (1426s)
