[td3 ln=1 d=2 s=4] step=0 ret=-244.2 Q=-0.3 G=-98.2 bias=97.9 (0s)
[td3 ln=1 d=2 s=4] step=10000 ret=-217.2 Q=-0.3 G=-71.2 bias=70.9 (2s)
[td3 ln=1 d=2 s=4] step=20000 ret=-159.5 Q=8.6 G=-60.3 bias=68.9 (46s)
[td3 ln=1 d=2 s=4] step=30000 ret=-187.8 Q=-0.2 G=-81.8 bias=81.6 (90s)
[td3 ln=1 d=2 s=4] step=40000 ret=-129.1 Q=-18.8 G=-29.4 bias=10.6 (136s)
[td3 ln=1 d=2 s=4] step=50000 ret=-57.4 Q=-12.2 G=-12.5 bias=0.2 (182s)
[td3 ln=1 d=2 s=4] step=60000 ret=-123.2 Q=-15.4 G=-25.9 bias=10.5 (229s)
[td3 ln=1 d=2 s=4] step=70000 ret=-37.7 Q=4.6 G=-6.5 bias=11.1 (277s)
[td3 ln=1 d=2 s=4] step=80000 ret=-48.4 Q=9.1 G=-6.5 bias=15.6 (324s)
[td3 ln=1 d=2 s=4] step=90000 ret=17.9 Q=-4.2 G=1.4 bias=-5.6 (370s)
[td3 ln=1 d=2 s=4] step=100000 ret=-44.6 Q=8.0 G=-2.0 bias=10.0 (416s)
[td3 ln=1 d=2 s=4] step=110000 ret=-36.3 Q=1.7 G=-5.3 bias=6.9 (462s)
[td3 ln=1 d=2 s=4] step=120000 ret=-27.6 Q=3.2 G=-5.5 bias=8.7 (507s)
[td3 ln=1 d=2 s=4] step=130000 ret=143.4 Q=5.7 G=31.7 bias=-26.0 (551s)
[td3 ln=1 d=2 s=4] step=140000 ret=202.6 Q=5.2 G=44.3 bias=-39.2 (598s)
[td3 ln=1 d=2 s=4] step=150000 ret=164.0 Q=5.2 G=34.8 bias=-29.6 (641s)
[td3 ln=1 d=2 s=4] step=160000 ret=258.7 Q=24.5 G=75.6 bias=-51.1 (687s)
[td3 ln=1 d=2 s=4] step=170000 ret=229.8 Q=23.2 G=59.1 bias=-35.8 (733s)
[td3 ln=1 d=2 s=4] step=180000 ret=225.7 Q=25.7 G=52.5 bias=-26.7 (781s)
[td3 ln=1 d=2 s=4] step=190000 ret=261.9 Q=37.8 G=67.2 bias=-29.4 (826s)
[td3 ln=1 d=2 s=4] step=200000 ret=252.1 Q=41.9 G=69.0 bias=-27.1 (872s)
[td3 ln=1 d=2 s=4] step=210000 ret=114.1 Q=21.3 G=16.9 bias=4.3 (921s)
[td3 ln=1 d=2 s=4] step=220000 ret=250.8 Q=45.3 G=65.9 bias=-20.6 (967s)
[td3 ln=1 d=2 s=4] step=230000 ret=148.2 Q=28.6 G=29.1 bias=-0.5 (1011s)
[td3 ln=1 d=2 s=4] step=240000 ret=264.0 Q=57.2 G=78.4 bias=-21.3 (1053s)
[td3 ln=1 d=2 s=4] step=250000 ret=256.8 Q=51.6 G=71.7 bias=-20.1 (1095s)
[td3 ln=1 d=2 s=4] step=260000 ret=174.1 Q=38.9 G=40.1 bias=-1.3 (1138s)
[td3 ln=1 d=2 s=4] step=270000 ret=210.3 Q=40.4 G=48.0 bias=-7.6 (1183s)
[td3 ln=1 d=2 s=4] step=280000 ret=268.3 Q=60.1 G=69.5 bias=-9.3 (1227s)
[td3 ln=1 d=2 s=4] step=290000 ret=265.3 Q=61.5 G=66.0 bias=-4.5 (1274s)
