[td3 ln=0 d=3 s=2] step=0 ret=-277.9 Q=-0.0 G=-102.5 bias=102.5 (0s)
[td3 ln=0 d=3 s=2] step=10000 ret=-236.7 Q=-0.0 G=-118.1 bias=118.1 (2s)
[td3 ln=0 d=3 s=2] step=20000 ret=-109.6 Q=6.3 G=-14.4 bias=20.7 (53s)
[td3 ln=0 d=3 s=2] step=30000 ret=-187.3 Q=3.3 G=-41.0 bias=44.3 (107s)
[td3 ln=0 d=3 s=2] step=40000 ret=-121.0 Q=-0.9 G=-28.3 bias=27.4 (158s)
[td3 ln=0 d=3 s=2] step=50000 ret=-50.7 Q=-29.9 G=-14.6 bias=-15.3 (207s)
[td3 ln=0 d=3 s=2] step=60000 ret=-49.1 Q=-25.8 G=-12.6 bias=-13.2 (255s)
[td3 ln=0 d=3 s=2] step=70000 ret=-53.1 Q=-12.9 G=-22.3 bias=9.4 (306s)
[td3 ln=0 d=3 s=2] step=80000 ret=104.7 Q=-10.5 G=26.5 bias=-37.1 (357s)
[td3 ln=0 d=3 s=2] step=90000 ret=-59.5 Q=-14.4 G=-24.1 bias=9.7 (408s)
[td3 ln=0 d=3 s=2] step=100000 ret=59.6 Q=8.1 G=18.7 bias=-10.5 (462s)
[td3 ln=0 d=3 s=2] step=110000 ret=156.4 Q=1.2 G=31.1 bias=-29.9 (517s)
[td3 ln=0 d=3 s=2] step=120000 ret=166.3 Q=3.3 G=34.3 bias=-31.0 (570s)
[td3 ln=0 d=3 s=2] step=130000 ret=178.7 Q=13.8 G=41.5 bias=-27.7 (625s)
[td3 ln=0 d=3 s=2] step=140000 ret=148.9 Q=0.6 G=31.5 bias=-30.9 (680s)
[td3 ln=0 d=3 s=2] step=150000 ret=230.7 Q=29.3 G=61.0 bias=-31.6 (735s)
[td3 ln=0 d=3 s=2] step=160000 ret=176.3 Q=8.7 G=32.1 bias=-23.4 (790s)
[td3 ln=0 d=3 s=2] step=170000 ret=201.5 Q=27.8 G=47.7 bias=-19.9 (851s)
[td3 ln=0 d=3 s=2] step=180000 ret=234.1 Q=32.1 G=65.4 bias=-33.3 (914s)
[td3 ln=0 d=3 s=2] step=190000 ret=179.1 Q=26.5 G=41.1 bias=-14.6 (976s)
[td3 ln=0 d=3 s=2] step=200000 ret=245.2 Q=28.2 G=54.4 bias=-26.3 (1040s)
[td3 ln=0 d=3 s=2] step=210000 ret=243.8 Q=48.9 G=87.6 bias=-38.7 (1097s)
[td3 ln=0 d=3 s=2] step=220000 ret=271.5 Q=51.0 G=83.8 bias=-32.8 (1153s)
[td3 ln=0 d=3 s=2] step=230000 ret=266.1 Q=56.8 G=85.7 bias=-28.9 (1212s)
[td3 ln=0 d=3 s=2] step=240000 ret=262.7 Q=56.3 G=90.4 bias=-34.2 (1281s)
[td3 ln=0 d=3 s=2] step=250000 ret=254.5 Q=55.5 G=85.4 bias=-29.9 (1342s)
[td3 ln=0 d=3 s=2] step=260000 ret=264.4 Q=54.6 G=81.0 bias=-26.4 (1400s)
[td3 ln=0 d=3 s=2] step=270000 ret=268.3 Q=63.9 G=79.6 bias=-15.7 (1467s)
[td3 ln=0 d=3 s=2] step=280000 ret=268.8 Q=62.1 G=86.7 bias=-24.6 (1528s)
[td3 ln=0 d=3 s=2] step=290000 ret=262.7 Q=78.0 G=94.8 bias=-16.8 (1594s)
