[td3 ln=0 d=3 s=0] step=0 ret=-132.7 Q=0.0 G=-75.6 bias=75.6 (0s)
[td3 ln=0 d=3 s=0] step=10000 ret=-130.9 Q=0.0 G=-75.7 bias=75.7 (1s)
[td3 ln=0 d=3 s=0] step=20000 ret=-106.8 Q=4.9 G=-27.4 bias=32.2 (57s)
[td3 ln=0 d=3 s=0] step=30000 ret=-86.7 Q=14.2 G=-40.8 bias=55.0 (116s)
[td3 ln=0 d=3 s=0] step=40000 ret=-182.7 Q=3.9 G=-100.9 bias=104.8 (167s)
[td3 ln=0 d=3 s=0] step=50000 ret=-57.1 Q=4.7 G=-38.6 bias=43.3 (218s)
[td3 ln=0 d=3 s=0] step=60000 ret=102.4 Q=5.4 G=28.3 bias=-22.9 (269s)
[td3 ln=0 d=3 s=0] step=70000 ret=28.3 Q=3.5 G=-1.6 bias=5.0 (320s)
[td3 ln=0 d=3 s=0] step=80000 ret=-28.1 Q=3.8 G=-20.8 bias=24.6 (380s)
[td3 ln=0 d=3 s=0] step=90000 ret=99.2 Q=-0.8 G=23.4 bias=-24.2 (438s)
[td3 ln=0 d=3 s=0] step=100000 ret=137.0 Q=10.0 G=36.1 bias=-26.1 (498s)
[td3 ln=0 d=3 s=0] step=110000 ret=144.4 Q=22.7 G=36.5 bias=-13.8 (555s)
[td3 ln=0 d=3 s=0] step=120000 ret=249.6 Q=22.1 G=65.5 bias=-43.3 (614s)
[td3 ln=0 d=3 s=0] step=130000 ret=224.0 Q=30.4 G=64.8 bias=-34.4 (679s)
[td3 ln=0 d=3 s=0] step=140000 ret=227.0 Q=36.3 G=68.4 bias=-32.0 (741s)
[td3 ln=0 d=3 s=0] step=150000 ret=208.3 Q=39.3 G=66.0 bias=-26.7 (803s)
[td3 ln=0 d=3 s=0] step=160000 ret=245.5 Q=53.6 G=63.7 bias=-10.0 (863s)
[td3 ln=0 d=3 s=0] step=170000 ret=232.5 Q=45.4 G=70.6 bias=-25.1 (920s)
[td3 ln=0 d=3 s=0] step=180000 ret=250.4 Q=55.8 G=77.8 bias=-22.0 (978s)
[td3 ln=0 d=3 s=0] step=190000 ret=275.3 Q=67.6 G=101.2 bias=-33.6 (1037s)
[td3 ln=0 d=3 s=0] step=200000 ret=216.6 Q=61.5 G=72.6 bias=-11.2 (1097s)
[td3 ln=0 d=3 s=0] step=210000 ret=264.4 Q=65.5 G=92.1 bias=-26.6 (1157s)
[td3 ln=0 d=3 s=0] step=220000 ret=211.6 Q=58.1 G=51.7 bias=6.3 (1213s)
[td3 ln=0 d=3 s=0] step=230000 ret=211.6 Q=63.3 G=69.7 bias=-6.4 (1266s)
[td3 ln=0 d=3 s=0] step=240000 ret=212.1 Q=71.2 G=80.9 bias=-9.6 (1323s)
[td3 ln=0 d=3 s=0] step=250000 ret=217.4 Q=70.1 G=76.0 bias=-5.9 (1384s)
[td3 ln=0 d=3 s=0] step=260000 ret=264.4 Q=69.7 G=92.4 bias=-22.7 (1447s)
[td3 ln=0 d=3 s=0] step=270000 ret=227.6 Q=56.2 G=65.0 bias=-8.8 (1507s)
[td3 ln=0 d=3 s=0] step=280000 ret=219.4 Q=63.0 G=73.0 bias=-10.0 (1566s)
[td3 ln=0 d=3 s=0] step=290000 ret=263.6 Q=63.6 G=84.1 bias=-20.5 (1628s)
