[td3 ln=0 d=3 s=3] step=0 ret=-271.2 Q=-0.0 G=-102.6 bias=102.5 (0s)
[td3 ln=0 d=3 s=3] step=10000 ret=-273.1 Q=-0.0 G=-123.0 bias=123.0 (2s)
[td3 ln=0 d=3 s=3] step=20000 ret=-74.9 Q=7.9 G=-10.4 bias=18.3 (51s)
[td3 ln=0 d=3 s=3] step=30000 ret=-147.0 Q=9.4 G=-26.0 bias=35.4 (108s)
[td3 ln=0 d=3 s=3] step=40000 ret=-51.3 Q=5.6 G=-23.4 bias=29.0 (163s)
[td3 ln=0 d=3 s=3] step=50000 ret=17.8 Q=30.2 G=4.8 bias=25.4 (216s)
[td3 ln=0 d=3 s=3] step=60000 ret=-116.2 Q=-6.5 G=-33.8 bias=27.3 (269s)
[td3 ln=0 d=3 s=3] step=70000 ret=24.8 Q=11.6 G=0.1 bias=11.6 (322s)
[td3 ln=0 d=3 s=3] step=80000 ret=-14.6 Q=-1.1 G=-9.1 bias=8.1 (374s)
[td3 ln=0 d=3 s=3] step=90000 ret=-17.5 Q=3.7 G=-3.3 bias=7.0 (424s)
[td3 ln=0 d=3 s=3] step=100000 ret=9.3 Q=15.2 G=-5.8 bias=21.0 (476s)
[td3 ln=0 d=3 s=3] step=110000 ret=43.9 Q=10.7 G=5.0 bias=5.7 (528s)
[td3 ln=0 d=3 s=3] step=120000 ret=89.5 Q=30.0 G=12.8 bias=17.2 (577s)
[td3 ln=0 d=3 s=3] step=130000 ret=5.9 Q=27.2 G=-5.1 bias=32.3 (630s)
[td3 ln=0 d=3 s=3] step=140000 ret=230.7 Q=21.8 G=52.3 bias=-30.5 (680s)
[td3 ln=0 d=3 s=3] step=150000 ret=84.0 Q=1.6 G=8.4 bias=-6.8 (731s)
[td3 ln=0 d=3 s=3] step=160000 ret=158.7 Q=35.6 G=34.2 bias=1.3 (784s)
[td3 ln=0 d=3 s=3] step=170000 ret=229.5 Q=44.3 G=74.5 bias=-30.1 (844s)
[td3 ln=0 d=3 s=3] step=180000 ret=235.0 Q=39.6 G=59.8 bias=-20.2 (900s)
[td3 ln=0 d=3 s=3] step=190000 ret=249.0 Q=52.3 G=82.2 bias=-29.9 (962s)
[td3 ln=0 d=3 s=3] step=200000 ret=247.6 Q=47.6 G=65.9 bias=-18.3 (1021s)
[td3 ln=0 d=3 s=3] step=210000 ret=134.7 Q=34.1 G=19.2 bias=14.9 (1079s)
[td3 ln=0 d=3 s=3] step=220000 ret=139.1 Q=58.0 G=60.7 bias=-2.8 (1138s)
[td3 ln=0 d=3 s=3] step=230000 ret=242.0 Q=48.6 G=55.4 bias=-6.8 (1195s)
[td3 ln=0 d=3 s=3] step=240000 ret=228.1 Q=50.2 G=62.9 bias=-12.7 (1251s)
[td3 ln=0 d=3 s=3] step=250000 ret=208.8 Q=26.5 G=39.5 bias=-13.0 (1313s)
[td3 ln=0 d=3 s=3] step=260000 ret=242.8 Q=53.8 G=66.3 bias=-12.5 (1371s)
[td3 ln=0 d=3 s=3] step=270000 ret=112.8 Q=24.1 G=17.5 bias=6.7 (1430s)
[td3 ln=0 d=3 s=3] step=280000 ret=251.3 Q=54.4 G=47.1 bias=7.3 (1491s)
[td3 ln=0 d=3 s=3] step=290000 ret=212.5 Q=47.6 G=52.4 bias=-4.8 (1551s)
